// Jest Snapshot v1, https://goo.gl/fbAQLP

exports[`Compare Card should match the snapshot 1`] = `
ShallowWrapper {
  Symbol(enzyme.__root__): [Circular],
  Symbol(enzyme.__unrendered__): <CompareCard
    removeComparedSchool={[Function]}
    school="COLORADO"
    schoolStats={
        Object {
            "2004": 1,
            "2005": 1,
          }
    }
/>,
  Symbol(enzyme.__renderer__): Object {
    "batchedUpdates": [Function],
    "getNode": [Function],
    "render": [Function],
    "simulateError": [Function],
    "simulateEvent": [Function],
    "unmount": [Function],
  },
  Symbol(enzyme.__node__): Object {
    "instance": null,
    "key": undefined,
    "nodeType": "host",
    "props": Object {
      "children": Array [
        <h3>
          COLORADO
</h3>,
        <button
          id="COLORADO"
          onClick={[Function]}
>
          Delete
</button>,
        Array [
          <li>
            2004
            : 
            1
</li>,
          <li>
            2005
            : 
            1
</li>,
        ],
      ],
      "onClick": undefined,
    },
    "ref": null,
    "rendered": Array [
      Object {
        "instance": null,
        "key": undefined,
        "nodeType": "host",
        "props": Object {
          "children": "COLORADO",
        },
        "ref": null,
        "rendered": "COLORADO",
        "type": "h3",
      },
      Object {
        "instance": null,
        "key": undefined,
        "nodeType": "host",
        "props": Object {
          "children": "Delete",
          "id": "COLORADO",
          "onClick": [Function],
        },
        "ref": null,
        "rendered": "Delete",
        "type": "button",
      },
      Object {
        "instance": null,
        "key": undefined,
        "nodeType": "host",
        "props": Object {
          "children": Array [
            "2004",
            ": ",
            1,
          ],
        },
        "ref": null,
        "rendered": Array [
          "2004",
          ": ",
          1,
        ],
        "type": "li",
      },
      Object {
        "instance": null,
        "key": undefined,
        "nodeType": "host",
        "props": Object {
          "children": Array [
            "2005",
            ": ",
            1,
          ],
        },
        "ref": null,
        "rendered": Array [
          "2005",
          ": ",
          1,
        ],
        "type": "li",
      },
    ],
    "type": "div",
  },
  Symbol(enzyme.__nodes__): Array [
    Object {
      "instance": null,
      "key": undefined,
      "nodeType": "host",
      "props": Object {
        "children": Array [
          <h3>
            COLORADO
</h3>,
          <button
            id="COLORADO"
            onClick={[Function]}
>
            Delete
</button>,
          Array [
            <li>
              2004
              : 
              1
</li>,
            <li>
              2005
              : 
              1
</li>,
          ],
        ],
        "onClick": undefined,
      },
      "ref": null,
      "rendered": Array [
        Object {
          "instance": null,
          "key": undefined,
          "nodeType": "host",
          "props": Object {
            "children": "COLORADO",
          },
          "ref": null,
          "rendered": "COLORADO",
          "type": "h3",
        },
        Object {
          "instance": null,
          "key": undefined,
          "nodeType": "host",
          "props": Object {
            "children": "Delete",
            "id": "COLORADO",
            "onClick": [Function],
          },
          "ref": null,
          "rendered": "Delete",
          "type": "button",
        },
        Object {
          "instance": null,
          "key": undefined,
          "nodeType": "host",
          "props": Object {
            "children": Array [
              "2004",
              ": ",
              1,
            ],
          },
          "ref": null,
          "rendered": Array [
            "2004",
            ": ",
            1,
          ],
          "type": "li",
        },
        Object {
          "instance": null,
          "key": undefined,
          "nodeType": "host",
          "props": Object {
            "children": Array [
              "2005",
              ": ",
              1,
            ],
          },
          "ref": null,
          "rendered": Array [
            "2005",
            ": ",
            1,
          ],
          "type": "li",
        },
      ],
      "type": "div",
    },
  ],
  Symbol(enzyme.__options__): Object {
    "adapter": ReactSixteenAdapter {
      "options": Object {
        "enableComponentDidUpdateOnSetState": true,
        "lifecycles": Object {
          "componentDidUpdate": Object {
            "onSetState": true,
          },
          "getDerivedStateFromProps": true,
          "getSnapshotBeforeUpdate": true,
          "setState": Object {
            "skipsComponentDidUpdateOnNullish": true,
          },
        },
      },
    },
  },
}
`;
