// Jest Snapshot v1, https://goo.gl/fbAQLP

exports[`Compare should match the snapshot 1`] = `
ShallowWrapper {
  Symbol(enzyme.__root__): [Circular],
  Symbol(enzyme.__unrendered__): <CompareContainer
    comparedSchools={
        Object {
            "COLORADO": Object {
              "location": "COLORADO",
              "stats": Object {
                "2004": 1,
              },
            },
            "COLORADO SPRINGS 11": Object {
              "location": "COLORADO SPRINGS 11",
              "stats": Object {
                "2004": 1,
              },
            },
          }
    }
    comparison={
        Object {
            "COLORADO": 0.4,
            "COLORADO SPRINGS 11": 0.4,
            "compared": 1,
          }
    }
    removeComparedSchool={[Function]}
    schoolsForComparison={
        Array [
            "COLORADO",
            "COLORADO SPRINGS 11",
          ]
    }
/>,
  Symbol(enzyme.__renderer__): Object {
    "batchedUpdates": [Function],
    "getNode": [Function],
    "render": [Function],
    "simulateError": [Function],
    "simulateEvent": [Function],
    "unmount": [Function],
  },
  Symbol(enzyme.__node__): Object {
    "instance": null,
    "key": undefined,
    "nodeType": "host",
    "props": Object {
      "children": Array [
        <CompareCard
          removeComparedSchool={[Function]}
          school="COLORADO"
          schoolStats={
                    Object {
                              "2004": 1,
                            }
          }
/>,
        <StatsCard
          comparison={
                    Object {
                              "COLORADO": 0.4,
                              "COLORADO SPRINGS 11": 0.4,
                              "compared": 1,
                            }
          }
          schoolsForComparison={
                    Array [
                              "COLORADO",
                              "COLORADO SPRINGS 11",
                            ]
          }
/>,
        <CompareCard
          removeComparedSchool={[Function]}
          school="COLORADO SPRINGS 11"
          schoolStats={
                    Object {
                              "2004": 1,
                            }
          }
/>,
      ],
      "class": "compare-container",
    },
    "ref": null,
    "rendered": Array [
      Object {
        "instance": null,
        "key": undefined,
        "nodeType": "function",
        "props": Object {
          "removeComparedSchool": [Function],
          "school": "COLORADO",
          "schoolStats": Object {
            "2004": 1,
          },
        },
        "ref": null,
        "rendered": null,
        "type": [Function],
      },
      Object {
        "instance": null,
        "key": undefined,
        "nodeType": "function",
        "props": Object {
          "comparison": Object {
            "COLORADO": 0.4,
            "COLORADO SPRINGS 11": 0.4,
            "compared": 1,
          },
          "schoolsForComparison": Array [
            "COLORADO",
            "COLORADO SPRINGS 11",
          ],
        },
        "ref": null,
        "rendered": null,
        "type": [Function],
      },
      Object {
        "instance": null,
        "key": undefined,
        "nodeType": "function",
        "props": Object {
          "removeComparedSchool": [Function],
          "school": "COLORADO SPRINGS 11",
          "schoolStats": Object {
            "2004": 1,
          },
        },
        "ref": null,
        "rendered": null,
        "type": [Function],
      },
    ],
    "type": "div",
  },
  Symbol(enzyme.__nodes__): Array [
    Object {
      "instance": null,
      "key": undefined,
      "nodeType": "host",
      "props": Object {
        "children": Array [
          <CompareCard
            removeComparedSchool={[Function]}
            school="COLORADO"
            schoolStats={
                        Object {
                                    "2004": 1,
                                  }
            }
/>,
          <StatsCard
            comparison={
                        Object {
                                    "COLORADO": 0.4,
                                    "COLORADO SPRINGS 11": 0.4,
                                    "compared": 1,
                                  }
            }
            schoolsForComparison={
                        Array [
                                    "COLORADO",
                                    "COLORADO SPRINGS 11",
                                  ]
            }
/>,
          <CompareCard
            removeComparedSchool={[Function]}
            school="COLORADO SPRINGS 11"
            schoolStats={
                        Object {
                                    "2004": 1,
                                  }
            }
/>,
        ],
        "class": "compare-container",
      },
      "ref": null,
      "rendered": Array [
        Object {
          "instance": null,
          "key": undefined,
          "nodeType": "function",
          "props": Object {
            "removeComparedSchool": [Function],
            "school": "COLORADO",
            "schoolStats": Object {
              "2004": 1,
            },
          },
          "ref": null,
          "rendered": null,
          "type": [Function],
        },
        Object {
          "instance": null,
          "key": undefined,
          "nodeType": "function",
          "props": Object {
            "comparison": Object {
              "COLORADO": 0.4,
              "COLORADO SPRINGS 11": 0.4,
              "compared": 1,
            },
            "schoolsForComparison": Array [
              "COLORADO",
              "COLORADO SPRINGS 11",
            ],
          },
          "ref": null,
          "rendered": null,
          "type": [Function],
        },
        Object {
          "instance": null,
          "key": undefined,
          "nodeType": "function",
          "props": Object {
            "removeComparedSchool": [Function],
            "school": "COLORADO SPRINGS 11",
            "schoolStats": Object {
              "2004": 1,
            },
          },
          "ref": null,
          "rendered": null,
          "type": [Function],
        },
      ],
      "type": "div",
    },
  ],
  Symbol(enzyme.__options__): Object {
    "adapter": ReactSixteenAdapter {
      "options": Object {
        "enableComponentDidUpdateOnSetState": true,
        "lifecycles": Object {
          "componentDidUpdate": Object {
            "onSetState": true,
          },
          "getDerivedStateFromProps": true,
          "getSnapshotBeforeUpdate": true,
          "setState": Object {
            "skipsComponentDidUpdateOnNullish": true,
          },
        },
      },
    },
  },
}
`;
