// Jest Snapshot v1, https://goo.gl/fbAQLP

exports[`StatsCard should match the snapshot 1`] = `
ShallowWrapper {
  Symbol(enzyme.__root__): [Circular],
  Symbol(enzyme.__unrendered__): <StatsCard
    comparison={
        Object {
            "COLORADO": 1,
            "COLORADO SPRINGS 11": 1,
            "compared": 1,
          }
    }
    schoolsForComparison={
        Array [
            "COLORADO",
            "COLORADO SPRINGS 11",
          ]
    }
/>,
  Symbol(enzyme.__renderer__): Object {
    "batchedUpdates": [Function],
    "getNode": [Function],
    "render": [Function],
    "simulateError": [Function],
    "simulateEvent": [Function],
    "unmount": [Function],
  },
  Symbol(enzyme.__node__): Object {
    "instance": null,
    "key": undefined,
    "nodeType": "host",
    "props": Object {
      "children": <div>
        <h3>
                COLORADO
                 average: 
                1
        </h3>
        <h2>
                Both schools compared: 
                1
        </h2>
        <h3>
                COLORADO SPRINGS 11
                 average: 
                1
        </h3>
</div>,
    },
    "ref": null,
    "rendered": Object {
      "instance": null,
      "key": undefined,
      "nodeType": "host",
      "props": Object {
        "children": Array [
          <h3>
            COLORADO
             average: 
            1
</h3>,
          <h2>
            Both schools compared: 
            1
</h2>,
          <h3>
            COLORADO SPRINGS 11
             average: 
            1
</h3>,
        ],
      },
      "ref": null,
      "rendered": Array [
        Object {
          "instance": null,
          "key": undefined,
          "nodeType": "host",
          "props": Object {
            "children": Array [
              "COLORADO",
              " average: ",
              1,
            ],
          },
          "ref": null,
          "rendered": Array [
            "COLORADO",
            " average: ",
            1,
          ],
          "type": "h3",
        },
        Object {
          "instance": null,
          "key": undefined,
          "nodeType": "host",
          "props": Object {
            "children": Array [
              "Both schools compared: ",
              1,
            ],
          },
          "ref": null,
          "rendered": Array [
            "Both schools compared: ",
            1,
          ],
          "type": "h2",
        },
        Object {
          "instance": null,
          "key": undefined,
          "nodeType": "host",
          "props": Object {
            "children": Array [
              "COLORADO SPRINGS 11",
              " average: ",
              1,
            ],
          },
          "ref": null,
          "rendered": Array [
            "COLORADO SPRINGS 11",
            " average: ",
            1,
          ],
          "type": "h3",
        },
      ],
      "type": "div",
    },
    "type": "div",
  },
  Symbol(enzyme.__nodes__): Array [
    Object {
      "instance": null,
      "key": undefined,
      "nodeType": "host",
      "props": Object {
        "children": <div>
          <h3>
                    COLORADO
                     average: 
                    1
          </h3>
          <h2>
                    Both schools compared: 
                    1
          </h2>
          <h3>
                    COLORADO SPRINGS 11
                     average: 
                    1
          </h3>
</div>,
      },
      "ref": null,
      "rendered": Object {
        "instance": null,
        "key": undefined,
        "nodeType": "host",
        "props": Object {
          "children": Array [
            <h3>
              COLORADO
               average: 
              1
</h3>,
            <h2>
              Both schools compared: 
              1
</h2>,
            <h3>
              COLORADO SPRINGS 11
               average: 
              1
</h3>,
          ],
        },
        "ref": null,
        "rendered": Array [
          Object {
            "instance": null,
            "key": undefined,
            "nodeType": "host",
            "props": Object {
              "children": Array [
                "COLORADO",
                " average: ",
                1,
              ],
            },
            "ref": null,
            "rendered": Array [
              "COLORADO",
              " average: ",
              1,
            ],
            "type": "h3",
          },
          Object {
            "instance": null,
            "key": undefined,
            "nodeType": "host",
            "props": Object {
              "children": Array [
                "Both schools compared: ",
                1,
              ],
            },
            "ref": null,
            "rendered": Array [
              "Both schools compared: ",
              1,
            ],
            "type": "h2",
          },
          Object {
            "instance": null,
            "key": undefined,
            "nodeType": "host",
            "props": Object {
              "children": Array [
                "COLORADO SPRINGS 11",
                " average: ",
                1,
              ],
            },
            "ref": null,
            "rendered": Array [
              "COLORADO SPRINGS 11",
              " average: ",
              1,
            ],
            "type": "h3",
          },
        ],
        "type": "div",
      },
      "type": "div",
    },
  ],
  Symbol(enzyme.__options__): Object {
    "adapter": ReactSixteenAdapter {
      "options": Object {
        "enableComponentDidUpdateOnSetState": true,
        "lifecycles": Object {
          "componentDidUpdate": Object {
            "onSetState": true,
          },
          "getDerivedStateFromProps": true,
          "getSnapshotBeforeUpdate": true,
          "setState": Object {
            "skipsComponentDidUpdateOnNullish": true,
          },
        },
      },
    },
  },
}
`;
